// Jest Snapshot v1, https://goo.gl/fbAQLP

exports[`Card can be serialized 1`] = `
Object {
  "id": "test-id-1",
  "status": "unused",
}
`;
