// Jest Snapshot v1, https://goo.gl/fbAQLP

exports[`ActionCard can be serialized 1`] = `
Object {
  "id": "test-id-0",
  "parameters": undefined,
  "status": "unused",
}
`;
