// Jest Snapshot v1, https://goo.gl/fbAQLP

exports[`PathCard can be serialized 1`] = `
Object {
  "connectors": Array [
    1,
    2,
    3,
    4,
  ],
  "id": "test-id-1",
  "isUpsideDown": false,
  "parameters": undefined,
  "status": "unused",
}
`;
